// Jest Snapshot v1, https://goo.gl/fbAQLP

exports[`Strap Test match snapshot Strap 1`] = `
<View
  style={
    Array [
      Object {
        "backgroundColor": "#464E5F10",
        "borderRadius": 2.5,
        "height": 5,
        "marginBottom": 10,
        "marginLeft": 0,
        "marginRight": 0,
        "marginTop": 10,
        "width": 100,
      },
    ]
  }
/>
`;
