// Jest Snapshot v1, https://goo.gl/fbAQLP

exports[`LegendList Test match snapshot LegendList 1`] = `
<RCTScrollView
  data={
    Array [
      Object {
        "color": "red",
        "id": "123abc",
        "sumed": 100,
        "text": "Teste",
        "value": 10,
      },
      Object {
        "color": "red",
        "id": "123abc",
        "sumed": 100,
        "text": "Teste",
        "value": 10,
      },
    ]
  }
  getItem={[Function]}
  getItemCount={[Function]}
  keyExtractor={[Function]}
  onContentSizeChange={[Function]}
  onLayout={[Function]}
  onMomentumScrollBegin={[Function]}
  onMomentumScrollEnd={[Function]}
  onScroll={[Function]}
  onScrollBeginDrag={[Function]}
  onScrollEndDrag={[Function]}
  removeClippedSubviews={false}
  renderItem={[Function]}
  scrollEventThrottle={50}
  stickyHeaderIndices={Array []}
  style={
    Array [
      Object {
        "marginBottom": 0,
        "marginLeft": 20,
        "marginRight": 20,
        "marginTop": 0,
      },
    ]
  }
  testID="legend-list-items"
  viewabilityConfigCallbackPairs={Array []}
>
  <View>
    <View
      onLayout={[Function]}
      style={null}
    >
      <View
        style={
          Object {
            "flexDirection": "row",
          }
        }
      >
        <View
          style={
            Array [
              Object {
                "alignItems": "center",
                "flexDirection": "row",
                "paddingBottom": 5,
                "paddingLeft": 2,
                "paddingRight": 2,
                "paddingTop": 5,
                "width": "50%",
              },
            ]
          }
        >
          <View
            color="red"
            style={
              Array [
                Object {
                  "backgroundColor": "red",
                  "borderRadius": 8,
                  "height": 16,
                  "marginRight": 5,
                  "width": 16,
                },
              ]
            }
          />
          <Text
            style={
              Array [
                Object {
                  "color": "#808080",
                  "fontFamily": "Poppins-Regular",
                  "fontSize": 20,
                  "fontWeight": "700",
                  "marginRight": 5,
                },
              ]
            }
          >
            Teste
             (
            100
            )
          </Text>
          <Text
            style={
              Array [
                Object {
                  "color": "#808080",
                  "fontFamily": "Poppins-Regular",
                  "fontSize": 20,
                  "fontWeight": "400",
                  "marginRight": 5,
                },
              ]
            }
          >
            R$ 0,10
          </Text>
        </View>
        <View
          style={
            Array [
              Object {
                "alignItems": "center",
                "flexDirection": "row",
                "paddingBottom": 5,
                "paddingLeft": 2,
                "paddingRight": 2,
                "paddingTop": 5,
                "width": "50%",
              },
            ]
          }
        >
          <View
            color="red"
            style={
              Array [
                Object {
                  "backgroundColor": "red",
                  "borderRadius": 8,
                  "height": 16,
                  "marginRight": 5,
                  "width": 16,
                },
              ]
            }
          />
          <Text
            style={
              Array [
                Object {
                  "color": "#808080",
                  "fontFamily": "Poppins-Regular",
                  "fontSize": 20,
                  "fontWeight": "700",
                  "marginRight": 5,
                },
              ]
            }
          >
            Teste
             (
            100
            )
          </Text>
          <Text
            style={
              Array [
                Object {
                  "color": "#808080",
                  "fontFamily": "Poppins-Regular",
                  "fontSize": 20,
                  "fontWeight": "400",
                  "marginRight": 5,
                },
              ]
            }
          >
            R$ 0,10
          </Text>
        </View>
      </View>
    </View>
  </View>
</RCTScrollView>
`;
